------------------------------------------------------------
Timing Analyzer Summary
------------------------------------------------------------

Type  : Slow 1100mV 85C Model Setup 'u_audio|audio_pll_inst|audio_pll_inst|altera_pll_i|general[0].gpll~PLL_OUTPUT_COUNTER|divclk'
Slack : -5.390
TNS   : -163.947

Type  : Slow 1100mV 85C Model Setup 'CLOCK_50'
Slack : 6.757
TNS   : 0.000

Type  : Slow 1100mV 85C Model Hold 'CLOCK_50'
Slack : 0.226
TNS   : 0.000

Type  : Slow 1100mV 85C Model Hold 'u_audio|audio_pll_inst|audio_pll_inst|altera_pll_i|general[0].gpll~PLL_OUTPUT_COUNTER|divclk'
Slack : 0.328
TNS   : 0.000

Type  : Slow 1100mV 85C Model Recovery 'u_audio|audio_pll_inst|audio_pll_inst|altera_pll_i|general[0].gpll~PLL_OUTPUT_COUNTER|divclk'
Slack : -5.385
TNS   : -234.237

Type  : Slow 1100mV 85C Model Recovery 'CLOCK_50'
Slack : 14.877
TNS   : 0.000

Type  : Slow 1100mV 85C Model Removal 'CLOCK_50'
Slack : 0.641
TNS   : 0.000

Type  : Slow 1100mV 85C Model Removal 'u_audio|audio_pll_inst|audio_pll_inst|altera_pll_i|general[0].gpll~PLL_OUTPUT_COUNTER|divclk'
Slack : 1.332
TNS   : 0.000

Type  : Slow 1100mV 85C Model Minimum Pulse Width 'u_audio|audio_pll_inst|audio_pll_inst|altera_pll_i|general[0].gpll~FRACTIONAL_PLL|vcoph[0]'
Slack : 1.233
TNS   : 0.000

Type  : Slow 1100mV 85C Model Minimum Pulse Width 'CLOCK_50'
Slack : 8.950
TNS   : 0.000

Type  : Slow 1100mV 85C Model Minimum Pulse Width 'u_audio|audio_pll_inst|audio_pll_inst|altera_pll_i|general[0].gpll~PLL_OUTPUT_COUNTER|divclk'
Slack : 40.002
TNS   : 0.000

Type  : Slow 1100mV 0C Model Setup 'u_audio|audio_pll_inst|audio_pll_inst|altera_pll_i|general[0].gpll~PLL_OUTPUT_COUNTER|divclk'
Slack : -5.055
TNS   : -153.257

Type  : Slow 1100mV 0C Model Setup 'CLOCK_50'
Slack : 6.740
TNS   : 0.000

Type  : Slow 1100mV 0C Model Hold 'u_audio|audio_pll_inst|audio_pll_inst|altera_pll_i|general[0].gpll~PLL_OUTPUT_COUNTER|divclk'
Slack : 0.189
TNS   : 0.000

Type  : Slow 1100mV 0C Model Hold 'CLOCK_50'
Slack : 0.213
TNS   : 0.000

Type  : Slow 1100mV 0C Model Recovery 'u_audio|audio_pll_inst|audio_pll_inst|altera_pll_i|general[0].gpll~PLL_OUTPUT_COUNTER|divclk'
Slack : -5.049
TNS   : -219.797

Type  : Slow 1100mV 0C Model Recovery 'CLOCK_50'
Slack : 15.097
TNS   : 0.000

Type  : Slow 1100mV 0C Model Removal 'CLOCK_50'
Slack : 0.547
TNS   : 0.000

Type  : Slow 1100mV 0C Model Removal 'u_audio|audio_pll_inst|audio_pll_inst|altera_pll_i|general[0].gpll~PLL_OUTPUT_COUNTER|divclk'
Slack : 1.058
TNS   : 0.000

Type  : Slow 1100mV 0C Model Minimum Pulse Width 'u_audio|audio_pll_inst|audio_pll_inst|altera_pll_i|general[0].gpll~FRACTIONAL_PLL|vcoph[0]'
Slack : 1.233
TNS   : 0.000

Type  : Slow 1100mV 0C Model Minimum Pulse Width 'CLOCK_50'
Slack : 8.979
TNS   : 0.000

Type  : Slow 1100mV 0C Model Minimum Pulse Width 'u_audio|audio_pll_inst|audio_pll_inst|altera_pll_i|general[0].gpll~PLL_OUTPUT_COUNTER|divclk'
Slack : 39.953
TNS   : 0.000

Type  : Fast 1100mV 85C Model Setup 'u_audio|audio_pll_inst|audio_pll_inst|altera_pll_i|general[0].gpll~PLL_OUTPUT_COUNTER|divclk'
Slack : -4.003
TNS   : -125.230

Type  : Fast 1100mV 85C Model Setup 'CLOCK_50'
Slack : 11.851
TNS   : 0.000

Type  : Fast 1100mV 85C Model Hold 'CLOCK_50'
Slack : 0.131
TNS   : 0.000

Type  : Fast 1100mV 85C Model Hold 'u_audio|audio_pll_inst|audio_pll_inst|altera_pll_i|general[0].gpll~PLL_OUTPUT_COUNTER|divclk'
Slack : 0.182
TNS   : 0.000

Type  : Fast 1100mV 85C Model Recovery 'u_audio|audio_pll_inst|audio_pll_inst|altera_pll_i|general[0].gpll~PLL_OUTPUT_COUNTER|divclk'
Slack : -3.968
TNS   : -172.737

Type  : Fast 1100mV 85C Model Recovery 'CLOCK_50'
Slack : 16.517
TNS   : 0.000

Type  : Fast 1100mV 85C Model Removal 'CLOCK_50'
Slack : 0.405
TNS   : 0.000

Type  : Fast 1100mV 85C Model Removal 'u_audio|audio_pll_inst|audio_pll_inst|altera_pll_i|general[0].gpll~PLL_OUTPUT_COUNTER|divclk'
Slack : 1.023
TNS   : 0.000

Type  : Fast 1100mV 85C Model Minimum Pulse Width 'u_audio|audio_pll_inst|audio_pll_inst|altera_pll_i|general[0].gpll~FRACTIONAL_PLL|vcoph[0]'
Slack : 1.233
TNS   : 0.000

Type  : Fast 1100mV 85C Model Minimum Pulse Width 'CLOCK_50'
Slack : 8.524
TNS   : 0.000

Type  : Fast 1100mV 85C Model Minimum Pulse Width 'u_audio|audio_pll_inst|audio_pll_inst|altera_pll_i|general[0].gpll~PLL_OUTPUT_COUNTER|divclk'
Slack : 40.250
TNS   : 0.000

Type  : Fast 1100mV 0C Model Setup 'u_audio|audio_pll_inst|audio_pll_inst|altera_pll_i|general[0].gpll~PLL_OUTPUT_COUNTER|divclk'
Slack : -3.360
TNS   : -104.506

Type  : Fast 1100mV 0C Model Setup 'CLOCK_50'
Slack : 12.571
TNS   : 0.000

Type  : Fast 1100mV 0C Model Hold 'CLOCK_50'
Slack : 0.121
TNS   : 0.000

Type  : Fast 1100mV 0C Model Hold 'u_audio|audio_pll_inst|audio_pll_inst|altera_pll_i|general[0].gpll~PLL_OUTPUT_COUNTER|divclk'
Slack : 0.168
TNS   : 0.000

Type  : Fast 1100mV 0C Model Recovery 'u_audio|audio_pll_inst|audio_pll_inst|altera_pll_i|general[0].gpll~PLL_OUTPUT_COUNTER|divclk'
Slack : -3.328
TNS   : -144.979

Type  : Fast 1100mV 0C Model Recovery 'CLOCK_50'
Slack : 16.922
TNS   : 0.000

Type  : Fast 1100mV 0C Model Removal 'CLOCK_50'
Slack : 0.341
TNS   : 0.000

Type  : Fast 1100mV 0C Model Removal 'u_audio|audio_pll_inst|audio_pll_inst|altera_pll_i|general[0].gpll~PLL_OUTPUT_COUNTER|divclk'
Slack : 0.650
TNS   : 0.000

Type  : Fast 1100mV 0C Model Minimum Pulse Width 'u_audio|audio_pll_inst|audio_pll_inst|altera_pll_i|general[0].gpll~FRACTIONAL_PLL|vcoph[0]'
Slack : 1.233
TNS   : 0.000

Type  : Fast 1100mV 0C Model Minimum Pulse Width 'CLOCK_50'
Slack : 8.477
TNS   : 0.000

Type  : Fast 1100mV 0C Model Minimum Pulse Width 'u_audio|audio_pll_inst|audio_pll_inst|altera_pll_i|general[0].gpll~PLL_OUTPUT_COUNTER|divclk'
Slack : 40.241
TNS   : 0.000

------------------------------------------------------------
