------------------------------------------------------------
Timing Analyzer Summary
------------------------------------------------------------

Type  : Slow 1100mV 85C Model Setup 'u_audio|audio_pll_inst|audio_pll_inst|altera_pll_i|general[0].gpll~PLL_OUTPUT_COUNTER|divclk'
Slack : -5.843
TNS   : -163.949

Type  : Slow 1100mV 85C Model Setup 'CLOCK_50'
Slack : 6.781
TNS   : 0.000

Type  : Slow 1100mV 85C Model Hold 'CLOCK_50'
Slack : 0.217
TNS   : 0.000

Type  : Slow 1100mV 85C Model Hold 'u_audio|audio_pll_inst|audio_pll_inst|altera_pll_i|general[0].gpll~PLL_OUTPUT_COUNTER|divclk'
Slack : 0.341
TNS   : 0.000

Type  : Slow 1100mV 85C Model Recovery 'u_audio|audio_pll_inst|audio_pll_inst|altera_pll_i|general[0].gpll~PLL_OUTPUT_COUNTER|divclk'
Slack : -4.876
TNS   : -224.841

Type  : Slow 1100mV 85C Model Recovery 'CLOCK_50'
Slack : 15.102
TNS   : 0.000

Type  : Slow 1100mV 85C Model Removal 'CLOCK_50'
Slack : 0.551
TNS   : 0.000

Type  : Slow 1100mV 85C Model Removal 'u_audio|audio_pll_inst|audio_pll_inst|altera_pll_i|general[0].gpll~PLL_OUTPUT_COUNTER|divclk'
Slack : 0.912
TNS   : 0.000

Type  : Slow 1100mV 85C Model Minimum Pulse Width 'u_audio|audio_pll_inst|audio_pll_inst|altera_pll_i|general[0].gpll~FRACTIONAL_PLL|vcoph[0]'
Slack : 1.233
TNS   : 0.000

Type  : Slow 1100mV 85C Model Minimum Pulse Width 'CLOCK_50'
Slack : 8.948
TNS   : 0.000

Type  : Slow 1100mV 85C Model Minimum Pulse Width 'u_audio|audio_pll_inst|audio_pll_inst|altera_pll_i|general[0].gpll~PLL_OUTPUT_COUNTER|divclk'
Slack : 39.993
TNS   : 0.000

Type  : Slow 1100mV 0C Model Setup 'u_audio|audio_pll_inst|audio_pll_inst|altera_pll_i|general[0].gpll~PLL_OUTPUT_COUNTER|divclk'
Slack : -5.468
TNS   : -153.238

Type  : Slow 1100mV 0C Model Setup 'CLOCK_50'
Slack : 6.865
TNS   : 0.000

Type  : Slow 1100mV 0C Model Hold 'CLOCK_50'
Slack : 0.172
TNS   : 0.000

Type  : Slow 1100mV 0C Model Hold 'u_audio|audio_pll_inst|audio_pll_inst|altera_pll_i|general[0].gpll~PLL_OUTPUT_COUNTER|divclk'
Slack : 0.315
TNS   : 0.000

Type  : Slow 1100mV 0C Model Recovery 'u_audio|audio_pll_inst|audio_pll_inst|altera_pll_i|general[0].gpll~PLL_OUTPUT_COUNTER|divclk'
Slack : -4.578
TNS   : -210.799

Type  : Slow 1100mV 0C Model Recovery 'CLOCK_50'
Slack : 15.282
TNS   : 0.000

Type  : Slow 1100mV 0C Model Removal 'CLOCK_50'
Slack : 0.455
TNS   : 0.000

Type  : Slow 1100mV 0C Model Removal 'u_audio|audio_pll_inst|audio_pll_inst|altera_pll_i|general[0].gpll~PLL_OUTPUT_COUNTER|divclk'
Slack : 0.639
TNS   : 0.000

Type  : Slow 1100mV 0C Model Minimum Pulse Width 'u_audio|audio_pll_inst|audio_pll_inst|altera_pll_i|general[0].gpll~FRACTIONAL_PLL|vcoph[0]'
Slack : 1.233
TNS   : 0.000

Type  : Slow 1100mV 0C Model Minimum Pulse Width 'CLOCK_50'
Slack : 8.979
TNS   : 0.000

Type  : Slow 1100mV 0C Model Minimum Pulse Width 'u_audio|audio_pll_inst|audio_pll_inst|altera_pll_i|general[0].gpll~PLL_OUTPUT_COUNTER|divclk'
Slack : 39.951
TNS   : 0.000

Type  : Fast 1100mV 85C Model Setup 'u_audio|audio_pll_inst|audio_pll_inst|altera_pll_i|general[0].gpll~PLL_OUTPUT_COUNTER|divclk'
Slack : -4.422
TNS   : -125.525

Type  : Fast 1100mV 85C Model Setup 'CLOCK_50'
Slack : 12.240
TNS   : 0.000

Type  : Fast 1100mV 85C Model Hold 'CLOCK_50'
Slack : 0.131
TNS   : 0.000

Type  : Fast 1100mV 85C Model Hold 'u_audio|audio_pll_inst|audio_pll_inst|altera_pll_i|general[0].gpll~PLL_OUTPUT_COUNTER|divclk'
Slack : 0.179
TNS   : 0.000

Type  : Fast 1100mV 85C Model Recovery 'u_audio|audio_pll_inst|audio_pll_inst|altera_pll_i|general[0].gpll~PLL_OUTPUT_COUNTER|divclk'
Slack : -3.343
TNS   : -155.007

Type  : Fast 1100mV 85C Model Recovery 'CLOCK_50'
Slack : 16.698
TNS   : 0.000

Type  : Fast 1100mV 85C Model Removal 'CLOCK_50'
Slack : 0.382
TNS   : 0.000

Type  : Fast 1100mV 85C Model Removal 'u_audio|audio_pll_inst|audio_pll_inst|altera_pll_i|general[0].gpll~PLL_OUTPUT_COUNTER|divclk'
Slack : 0.641
TNS   : 0.000

Type  : Fast 1100mV 85C Model Minimum Pulse Width 'u_audio|audio_pll_inst|audio_pll_inst|altera_pll_i|general[0].gpll~FRACTIONAL_PLL|vcoph[0]'
Slack : 1.233
TNS   : 0.000

Type  : Fast 1100mV 85C Model Minimum Pulse Width 'CLOCK_50'
Slack : 8.524
TNS   : 0.000

Type  : Fast 1100mV 85C Model Minimum Pulse Width 'u_audio|audio_pll_inst|audio_pll_inst|altera_pll_i|general[0].gpll~PLL_OUTPUT_COUNTER|divclk'
Slack : 40.247
TNS   : 0.000

Type  : Fast 1100mV 0C Model Setup 'u_audio|audio_pll_inst|audio_pll_inst|altera_pll_i|general[0].gpll~PLL_OUTPUT_COUNTER|divclk'
Slack : -3.703
TNS   : -104.837

Type  : Fast 1100mV 0C Model Setup 'CLOCK_50'
Slack : 12.869
TNS   : 0.000

Type  : Fast 1100mV 0C Model Hold 'CLOCK_50'
Slack : 0.121
TNS   : 0.000

Type  : Fast 1100mV 0C Model Hold 'u_audio|audio_pll_inst|audio_pll_inst|altera_pll_i|general[0].gpll~PLL_OUTPUT_COUNTER|divclk'
Slack : 0.172
TNS   : 0.000

Type  : Fast 1100mV 0C Model Recovery 'u_audio|audio_pll_inst|audio_pll_inst|altera_pll_i|general[0].gpll~PLL_OUTPUT_COUNTER|divclk'
Slack : -2.782
TNS   : -128.806

Type  : Fast 1100mV 0C Model Recovery 'CLOCK_50'
Slack : 17.070
TNS   : 0.000

Type  : Fast 1100mV 0C Model Removal 'u_audio|audio_pll_inst|audio_pll_inst|altera_pll_i|general[0].gpll~PLL_OUTPUT_COUNTER|divclk'
Slack : 0.281
TNS   : 0.000

Type  : Fast 1100mV 0C Model Removal 'CLOCK_50'
Slack : 0.298
TNS   : 0.000

Type  : Fast 1100mV 0C Model Minimum Pulse Width 'u_audio|audio_pll_inst|audio_pll_inst|altera_pll_i|general[0].gpll~FRACTIONAL_PLL|vcoph[0]'
Slack : 1.233
TNS   : 0.000

Type  : Fast 1100mV 0C Model Minimum Pulse Width 'CLOCK_50'
Slack : 8.477
TNS   : 0.000

Type  : Fast 1100mV 0C Model Minimum Pulse Width 'u_audio|audio_pll_inst|audio_pll_inst|altera_pll_i|general[0].gpll~PLL_OUTPUT_COUNTER|divclk'
Slack : 40.237
TNS   : 0.000

------------------------------------------------------------
