Flow report for synthesizer
Wed May 20 08:53:23 2026
Quartus Prime Version 25.1std.0 Build 1129 10/21/2025 SC Lite Edition


---------------------
; Table of Contents ;
---------------------
  1. Legal Notice
  2. Flow Summary
  3. Flow Settings
  4. Flow Non-Default Global Settings
  5. Flow Elapsed Time
  6. Flow OS Summary
  7. Flow Log
  8. Flow Messages
  9. Flow Suppressed Messages



----------------
; Legal Notice ;
----------------
Copyright (C) 2025  Altera Corporation. All rights reserved.
Your use of Altera Corporation's design tools, logic functions 
and other software and tools, and any partner logic 
functions, and any output files from any of the foregoing 
(including device programming or simulation files), and any 
associated documentation or information are expressly subject 
to the terms and conditions of the Altera Program License 
Subscription Agreement, the Altera Quartus Prime License Agreement,
the Altera IP License Agreement, or other applicable license
agreement, including, without limitation, that your use is for
the sole purpose of programming logic devices manufactured by
Altera and sold by Altera or its authorized distributors.  Please
refer to the Altera Software License Subscription Agreements 
on the Quartus Prime software download page.



+-----------------------------------------------------------------------------------+
; Flow Summary                                                                      ;
+---------------------------------+-------------------------------------------------+
; Flow Status                     ; Successful - Wed May 20 08:53:23 2026           ;
; Quartus Prime Version           ; 25.1std.0 Build 1129 10/21/2025 SC Lite Edition ;
; Revision Name                   ; synthesizer                                     ;
; Top-level Entity Name           ; synthesizer_top                                 ;
; Family                          ; Cyclone V                                       ;
; Device                          ; 5CSEMA5F31C6                                    ;
; Timing Models                   ; Final                                           ;
; Logic utilization (in ALMs)     ; 924 / 32,070 ( 3 % )                            ;
; Total registers                 ; 779                                             ;
; Total pins                      ; 14 / 457 ( 3 % )                                ;
; Total virtual pins              ; 0                                               ;
; Total block memory bits         ; 262,144 / 4,065,280 ( 6 % )                     ;
; Total DSP Blocks                ; 24 / 87 ( 28 % )                                ;
; Total HSSI RX PCSs              ; 0                                               ;
; Total HSSI PMA RX Deserializers ; 0                                               ;
; Total HSSI TX PCSs              ; 0                                               ;
; Total HSSI PMA TX Serializers   ; 0                                               ;
; Total PLLs                      ; 1 / 6 ( 17 % )                                  ;
; Total DLLs                      ; 0 / 4 ( 0 % )                                   ;
+---------------------------------+-------------------------------------------------+


+-----------------------------------------+
; Flow Settings                           ;
+-------------------+---------------------+
; Option            ; Setting             ;
+-------------------+---------------------+
; Start date & time ; 05/20/2026 08:51:37 ;
; Main task         ; Compilation         ;
; Revision Name     ; synthesizer         ;
+-------------------+---------------------+


+--------------------------------------------------------------------------------------------------------------------------------------+
; Flow Non-Default Global Settings                                                                                                     ;
+--------------------------------------+----------------------------------------+---------------+-----------------+--------------------+
; Assignment Name                      ; Value                                  ; Default Value ; Entity Name     ; Section Id         ;
+--------------------------------------+----------------------------------------+---------------+-----------------+--------------------+
; COMPILER_SIGNATURE_ID                ; 64856571487602.177925629710480         ; --            ; --              ; --                 ;
; EDA_DESIGN_INSTANCE_NAME             ; NA                                     ; --            ; --              ; tb_synthesizer_top ;
; EDA_NATIVELINK_SIMULATION_TEST_BENCH ; tb_synthesizer_top                     ; --            ; --              ; eda_simulation     ;
; EDA_OUTPUT_DATA_FORMAT               ; Systemverilog Hdl                      ; --            ; --              ; eda_simulation     ;
; EDA_SIMULATION_TOOL                  ; Questa Altera FPGA (SystemVerilog)     ; <None>        ; --              ; --                 ;
; EDA_TEST_BENCH_ENABLE_STATUS         ; TEST_BENCH_MODE                        ; --            ; --              ; eda_simulation     ;
; EDA_TEST_BENCH_FILE                  ; tb_synthesizer_top.sv                  ; --            ; --              ; tb_synthesizer_top ;
; EDA_TEST_BENCH_MODULE_NAME           ; tb_synthesizer_top                     ; --            ; --              ; tb_synthesizer_top ;
; EDA_TEST_BENCH_NAME                  ; tb_synthesizer_top                     ; --            ; --              ; eda_simulation     ;
; EDA_TIME_SCALE                       ; 1 ps                                   ; --            ; --              ; eda_simulation     ;
; MAX_CORE_JUNCTION_TEMP               ; 85                                     ; --            ; --              ; --                 ;
; MIN_CORE_JUNCTION_TEMP               ; 0                                      ; --            ; --              ; --                 ;
; MISC_FILE                            ; sine_rom_inst.v                        ; --            ; --              ; --                 ;
; MISC_FILE                            ; sine_rom_bb.v                          ; --            ; --              ; --                 ;
; MISC_FILE                            ; audio_pll.cmp                          ; --            ; --              ; --                 ;
; PARTITION_COLOR                      ; -- (Not supported for targeted family) ; --            ; synthesizer_top ; Top                ;
; PARTITION_FITTER_PRESERVATION_LEVEL  ; -- (Not supported for targeted family) ; --            ; synthesizer_top ; Top                ;
; PARTITION_NETLIST_TYPE               ; -- (Not supported for targeted family) ; --            ; synthesizer_top ; Top                ;
; POWER_BOARD_THERMAL_MODEL            ; None (CONSERVATIVE)                    ; --            ; --              ; --                 ;
; POWER_PRESET_COOLING_SOLUTION        ; 23 MM HEAT SINK WITH 200 LFPM AIRFLOW  ; --            ; --              ; --                 ;
; PROJECT_OUTPUT_DIRECTORY             ; output_files                           ; --            ; --              ; --                 ;
; SYNTHESIS_ONLY_QIP                   ; On                                     ; --            ; --              ; --                 ;
; TOP_LEVEL_ENTITY                     ; synthesizer_top                        ; synthesizer   ; --              ; --                 ;
+--------------------------------------+----------------------------------------+---------------+-----------------+--------------------+


+--------------------------------------------------------------------------------------------------------------------------+
; Flow Elapsed Time                                                                                                        ;
+----------------------+--------------+-------------------------+---------------------+------------------------------------+
; Module Name          ; Elapsed Time ; Average Processors Used ; Peak Virtual Memory ; Total CPU Time (on all processors) ;
+----------------------+--------------+-------------------------+---------------------+------------------------------------+
; Analysis & Synthesis ; 00:00:11     ; 1.0                     ; 4909 MB             ; 00:00:21                           ;
; Fitter               ; 00:01:14     ; 1.1                     ; 6966 MB             ; 00:03:35                           ;
; Assembler            ; 00:00:07     ; 1.0                     ; 4890 MB             ; 00:00:06                           ;
; Timing Analyzer      ; 00:00:06     ; 2.0                     ; 5256 MB             ; 00:00:10                           ;
; EDA Netlist Writer   ; 00:00:01     ; 1.0                     ; 4873 MB             ; 00:00:01                           ;
; Total                ; 00:01:39     ; --                      ; --                  ; 00:04:13                           ;
+----------------------+--------------+-------------------------+---------------------+------------------------------------+


+------------------------------------------------------------------------------------+
; Flow OS Summary                                                                    ;
+----------------------+------------------+------------+------------+----------------+
; Module Name          ; Machine Hostname ; OS Name    ; OS Version ; Processor type ;
+----------------------+------------------+------------+------------+----------------+
; Analysis & Synthesis ; DESKTOP-JHLSUGB  ; Windows 10 ; 10.0       ; x86_64         ;
; Fitter               ; DESKTOP-JHLSUGB  ; Windows 10 ; 10.0       ; x86_64         ;
; Assembler            ; DESKTOP-JHLSUGB  ; Windows 10 ; 10.0       ; x86_64         ;
; Timing Analyzer      ; DESKTOP-JHLSUGB  ; Windows 10 ; 10.0       ; x86_64         ;
; EDA Netlist Writer   ; DESKTOP-JHLSUGB  ; Windows 10 ; 10.0       ; x86_64         ;
+----------------------+------------------+------------+------------+----------------+


------------
; Flow Log ;
------------
quartus_map --read_settings_files=on --write_settings_files=off synthesizer -c synthesizer
quartus_fit --read_settings_files=off --write_settings_files=off synthesizer -c synthesizer
quartus_asm --read_settings_files=off --write_settings_files=off synthesizer -c synthesizer
quartus_sta synthesizer -c synthesizer
quartus_eda --read_settings_files=off --write_settings_files=off synthesizer -c synthesizer



